// Jest Snapshot v1, https://goo.gl/fbAQLP

exports[`Pruebas en FirstApp Debe hacer match con snapshot 1`] = `
<div>
  <h1
    data-testid="test-title"
  >
    Hola, soy yo
  </h1>
  <p>
    No hay subtítulo
  </p>
  <p>
    No hay subtítulo
  </p>
  <p>
    Lautaro Moreyra
  </p>
</div>
`;
