// Jest Snapshot v1, https://goo.gl/fbAQLP

exports[`Pruebas en FirstApp Debe hacer match con snapshot 1`] = `
<div>
  <h1>
    Hola, soy yo
  </h1>
  <p>
    No hay subt√≠tulo
  </p>
  <p>
    Lautaro Moreyra
  </p>
</div>
`;
